Archive member included because of file (symbol)

c:/apps/atollic/truestudio for arm pro 5.3.0/armtools/bin/../lib/gcc/arm-atollic-eabi/4.8.3/../../../../arm-atollic-eabi/lib/armv7e-m/softfp\libc_s.a(lib_a-init.o)
                              src\startup.o (__libc_init_array)
c:/apps/atollic/truestudio for arm pro 5.3.0/armtools/bin/../lib/gcc/arm-atollic-eabi/4.8.3/../../../../arm-atollic-eabi/lib/armv7e-m/softfp\libc_s.a(lib_a-reent.o)
                              src\syscalls.o (errno)
c:/apps/atollic/truestudio for arm pro 5.3.0/armtools/bin/../lib/gcc/arm-atollic-eabi/4.8.3/../../../../arm-atollic-eabi/lib/armv7e-m/softfp\libc_s.a(lib_a-strlen.o)
                              src\tiny_printf.o (strlen)
c:/apps/atollic/truestudio for arm pro 5.3.0/armtools/bin/../lib/gcc/arm-atollic-eabi/4.8.3/../../../../arm-atollic-eabi/lib/armv7e-m/softfp\libc_s.a(lib_a-impure.o)
                              c:/apps/atollic/truestudio for arm pro 5.3.0/armtools/bin/../lib/gcc/arm-atollic-eabi/4.8.3/../../../../arm-atollic-eabi/lib/armv7e-m/softfp\libc_s.a(lib_a-reent.o) (_impure_ptr)
c:/apps/atollic/truestudio for arm pro 5.3.0/armtools/bin/../lib/gcc/arm-atollic-eabi/4.8.3/../../../../arm-atollic-eabi/lib/armv7e-m/softfp\libc_s.a(lib_a-nano-freer.o)
                              c:/apps/atollic/truestudio for arm pro 5.3.0/armtools/bin/../lib/gcc/arm-atollic-eabi/4.8.3/../../../../arm-atollic-eabi/lib/armv7e-m/softfp\libc_s.a(lib_a-reent.o) (_free_r)
c:/apps/atollic/truestudio for arm pro 5.3.0/armtools/bin/../lib/gcc/arm-atollic-eabi/4.8.3/../../../../arm-atollic-eabi/lib/armv7e-m/softfp\libc_s.a(lib_a-nano-mallocr.o)
                              c:/apps/atollic/truestudio for arm pro 5.3.0/armtools/bin/../lib/gcc/arm-atollic-eabi/4.8.3/../../../../arm-atollic-eabi/lib/armv7e-m/softfp\libc_s.a(lib_a-nano-freer.o) (__malloc_free_list)
c:/apps/atollic/truestudio for arm pro 5.3.0/armtools/bin/../lib/gcc/arm-atollic-eabi/4.8.3/../../../../arm-atollic-eabi/lib/armv7e-m/softfp\libc_s.a(lib_a-sbrkr.o)
                              c:/apps/atollic/truestudio for arm pro 5.3.0/armtools/bin/../lib/gcc/arm-atollic-eabi/4.8.3/../../../../arm-atollic-eabi/lib/armv7e-m/softfp\libc_s.a(lib_a-nano-mallocr.o) (_sbrk_r)
..\Libraries\libBSP.a(stm32f4xx_usart.o)
                              src\syscalls.o (USART_SendData)
..\Libraries\libBSP.a(stm32f4xx_rcc.o)
                              ..\Libraries\libBSP.a(stm32f4xx_usart.o) (RCC_GetClocksFreq)
..\Libraries\libBSP.a(stm32f4xx_exti.o)
                              src\stm32f4xx_it.o (EXTI_GetITStatus)
..\Libraries\libBSP.a(system_stm32f4xx.o)
                              src\main.o (SystemCoreClock)
..\Libraries\libBSP.a(carme.o)
                              src\startup.o (CARME_Init)
..\Libraries\libBSP.a(can.o)  src\stm32f4xx_it.o (CARME_CAN_Interrupt_Handler)
..\Libraries\libBSP.a(stm32f4xx_syscfg.o)
                              ..\Libraries\libBSP.a(can.o) (SYSCFG_EXTILineConfig)
..\Libraries\libBSP.a(stm32f4xx_gpio.o)
                              ..\Libraries\libBSP.a(carme.o) (GPIO_DeInit)
..\Libraries\libBSP.a(stm32f4xx_fsmc.o)
                              ..\Libraries\libBSP.a(carme.o) (FSMC_NORSRAMDeInit)
..\Libraries\libBSP.a(misc.o)
                              ..\Libraries\libBSP.a(can.o) (NVIC_Init)
c:/apps/atollic/truestudio for arm pro 5.3.0/armtools/bin/../lib/gcc/arm-atollic-eabi/4.8.3/../../../../arm-atollic-eabi/lib/armv7e-m/softfp\libc.a(lib_a-memcpy-stub.o)
                              ..\Libraries\libBSP.a(carme.o) (memcpy)
c:/apps/atollic/truestudio for arm pro 5.3.0/armtools/bin/../lib/gcc/arm-atollic-eabi/4.8.3/../../../../arm-atollic-eabi/lib/armv7e-m/softfp\libc.a(lib_a-memset.o)
                              ..\Libraries\libBSP.a(can.o) (memset)

Allocating common symbols
Common symbol       size              file

errno               0x4               c:/apps/atollic/truestudio for arm pro 5.3.0/armtools/bin/../lib/gcc/arm-atollic-eabi/4.8.3/../../../../arm-atollic-eabi/lib/armv7e-m/softfp\libc_s.a(lib_a-reent.o)

Discarded input sections

 .text          0x00000000        0x0 c:/apps/atollic/truestudio for arm pro 5.3.0/armtools/bin/../lib/gcc/arm-atollic-eabi/4.8.3/armv7e-m/softfp/crti.o
 .data          0x00000000        0x0 c:/apps/atollic/truestudio for arm pro 5.3.0/armtools/bin/../lib/gcc/arm-atollic-eabi/4.8.3/armv7e-m/softfp/crti.o
 .bss           0x00000000        0x0 c:/apps/atollic/truestudio for arm pro 5.3.0/armtools/bin/../lib/gcc/arm-atollic-eabi/4.8.3/armv7e-m/softfp/crti.o
 .data          0x00000000        0x4 c:/apps/atollic/truestudio for arm pro 5.3.0/armtools/bin/../lib/gcc/arm-atollic-eabi/4.8.3/armv7e-m/softfp/crtbegin.o
 .text          0x00000000        0x0 src\tiny_printf.o
 .data          0x00000000        0x0 src\tiny_printf.o
 .bss           0x00000000        0x0 src\tiny_printf.o
 .text.ts_itoa  0x00000000       0x90 src\tiny_printf.o
 .text.ts_formatstring
[...]
Memory Configuration

Name             Origin             Length             Attributes
FLASH            0x08000000         0x00100000         xr
RAM              0x20000000         0x00020000         xrw
MEMORY_B1        0x60000000         0x00000000         xr
CCMRAM           0x10000000         0x00010000         rw
*default*        0x00000000         0xffffffff

Linker script and memory map

LOAD c:/apps/atollic/truestudio for arm pro 5.3.0/armtools/bin/../lib/gcc/arm-atollic-eabi/4.8.3/armv7e-m/softfp/crti.o
LOAD c:/apps/atollic/truestudio for arm pro 5.3.0/armtools/bin/../lib/gcc/arm-atollic-eabi/4.8.3/armv7e-m/softfp/crtbegin.o
LOAD src\tiny_printf.o
LOAD src\syscalls.o
LOAD src\stm32f4xx_it.o
LOAD src\startup.o
LOAD src\main.o
START GROUP
LOAD c:/apps/atollic/truestudio for arm pro 5.3.0/armtools/bin/../lib/gcc/arm-atollic-eabi/4.8.3/../../../../arm-atollic-eabi/lib/armv7e-m/softfp\libc_s.a
LOAD c:/apps/atollic/truestudio for arm pro 5.3.0/armtools/bin/../lib/gcc/arm-atollic-eabi/4.8.3/../../../../arm-atollic-eabi/lib/armv7e-m/softfp\libm.a
END GROUP
                0x00001000                malloc_getpagesize_P = 0x1000
START GROUP
LOAD c:/apps/atollic/truestudio for arm pro 5.3.0/armtools/bin/../lib/gcc/arm-atollic-eabi/4.8.3/armv7e-m/softfp\libgcc.a
LOAD c:/apps/atollic/truestudio for arm pro 5.3.0/armtools/bin/../lib/gcc/arm-atollic-eabi/4.8.3/../../../../arm-atollic-eabi/lib/armv7e-m/softfp\libc.a
END GROUP
LOAD c:/apps/atollic/truestudio for arm pro 5.3.0/armtools/bin/../lib/gcc/arm-atollic-eabi/4.8.3/armv7e-m/softfp/crtend.o
LOAD c:/apps/atollic/truestudio for arm pro 5.3.0/armtools/bin/../lib/gcc/arm-atollic-eabi/4.8.3/armv7e-m/softfp/crtn.o
LOAD ..\Libraries\libBSP.a
LOAD ..\Libraries\libsGUI.a
                0x20020000                _estack = 0x20020000
                0x00001000                _Min_Heap_Size = 0x1000
                0x00001000                _Min_Stack_Size = 0x1000

.isr_vector     0x08000000      0x188
                0x08000000                . = ALIGN (0x4)
 *(.isr_vector)
 .isr_vector    0x08000000      0x188 src\startup.o
                0x08000000                g_pfnVectors
                0x08000188                . = ALIGN (0x4)

.text           0x08000188     0x1284
                0x08000188                . = ALIGN (0x4)
 *(.text)
 .text          0x08000188       0x40 c:/apps/atollic/truestudio for arm pro 5.3.0/armtools/bin/../lib/gcc/arm-atollic-eabi/4.8.3/armv7e-m/softfp/crtbegin.o
 *(.text*)
 .text.NMI_Handler
                0x080001c8        0xc src\stm32f4xx_it.o
                0x080001c8                NMI_Handler
 .text.HardFault_Handler
                0x080001d4        0xc src\stm32f4xx_it.o
                0x080001d4                HardFault_Handler
 .text.MemManage_Handler
                0x080001e0        0x8 src\stm32f4xx_it.o
                0x080001e0                MemManage_Handler
 .text.BusFault_Handler
                0x080001e8        0xc src\stm32f4xx_it.o
                0x080001e8                BusFault_Handler
 .text.UsageFault_Handler
                0x080001f4        0xc src\stm32f4xx_it.o
                0x080001f4                UsageFault_Handler
 .text.SVC_Handler
                0x08000200        0xc src\stm32f4xx_it.o
                0x08000200                SVC_Handler
 .text.DebugMon_Handler
                0x0800020c        0xc src\stm32f4xx_it.o
                0x0800020c                DebugMon_Handler
 .text.PendSV_Handler
                0x08000218        0xc src\stm32f4xx_it.o
                0x08000218                PendSV_Handler
 .text.SysTick_Handler
                0x08000224        0xc src\stm32f4xx_it.o
                0x08000224                SysTick_Handler
 .text.EXTI0_IRQHandler
                0x08000230       0x18 src\stm32f4xx_it.o
                0x08000230                EXTI0_IRQHandler
 .text.EXTI9_5_IRQHandler
                0x08000248       0x34 src\stm32f4xx_it.o
                0x08000248                EXTI9_5_IRQHandler
 .text.EXTI15_10_IRQHandler
                0x0800027c       0x34 src\stm32f4xx_it.o
                0x0800027c                EXTI15_10_IRQHandler
 .text.Reset_Handler
                0x080002b0       0x58 src\startup.o
                0x080002b0                Reset_Handler
 .text.Default_Handler
                0x08000308       0x80 src\startup.o
                0x08000312                RTC_Alarm_IRQHandler
                0x08000312                HASH_RNG_IRQHandler
                0x08000312                EXTI2_IRQHandler
                0x08000312                TIM8_CC_IRQHandler
                0x08000312                TIM1_CC_IRQHandler
                0x08000312                DMA2_Stream5_IRQHandler
                0x08000312                DMA1_Stream5_IRQHandler
                0x08000312                PVD_IRQHandler
                0x08000312                SDIO_IRQHandler
                0x08000312                TAMP_STAMP_IRQHandler
                0x08000312                CAN2_RX1_IRQHandler
                0x08000312                EXTI3_IRQHandler
                0x08000312                TIM8_TRG_COM_TIM14_IRQHandler
                0x08000312                TIM1_UP_TIM10_IRQHandler
                0x08000312                TIM8_UP_TIM13_IRQHandler
                0x08000312                I2C3_ER_IRQHandler
                0x08000312                I2C2_EV_IRQHandler
                0x08000312                DMA1_Stream2_IRQHandler
                0x08000312                CAN1_RX0_IRQHandler
                0x08000312                FPU_IRQHandler
                0x08000312                OTG_HS_WKUP_IRQHandler
                0x08000312                CAN2_SCE_IRQHandler
                0x08000312                DMA2_Stream2_IRQHandler
                0x08000312                SPI1_IRQHandler
                0x08000312                TIM6_DAC_IRQHandler
                0x08000312                TIM1_BRK_TIM9_IRQHandler
                0x08000312                DCMI_IRQHandler
                0x08000312                CAN2_RX0_IRQHandler
                0x08000312                DMA2_Stream3_IRQHandler
                0x08000312                USART6_IRQHandler
                0x08000312                USART3_IRQHandler
                0x08000312                CRYP_IRQHandler
                0x08000312                CAN1_RX1_IRQHandler
                0x08000312                UART5_IRQHandler
                0x08000312                DMA2_Stream0_IRQHandler
                0x08000312                vApplicationMallocFailedHook
                0x08000312                TIM4_IRQHandler
                0x08000312                I2C1_EV_IRQHandler
                0x08000312                DMA1_Stream6_IRQHandler
                0x08000312                DMA1_Stream1_IRQHandler
                0x08000312                UART4_IRQHandler
                0x08000312                TIM3_IRQHandler
                0x08000312                RCC_IRQHandler
                0x08000312                TIM8_BRK_TIM12_IRQHandler
                0x08000312                Default_Handler
                0x08000312                ADC_IRQHandler
                0x08000312                DMA1_Stream7_IRQHandler
                0x08000312                TIM7_IRQHandler
                0x08000312                CAN2_TX_IRQHandler
                0x08000312                TIM5_IRQHandler
                0x08000312                DMA2_Stream7_IRQHandler
                0x08000312                I2C3_EV_IRQHandler
                0x08000312                vApplicationStackOverflowHook
                0x08000312                RTC_WKUP_IRQHandler
                0x08000312                ETH_WKUP_IRQHandler
                0x08000312                SPI2_IRQHandler
                0x08000312                OTG_HS_EP1_IN_IRQHandler
                0x08000312                DMA1_Stream0_IRQHandler
                0x08000312                CAN1_TX_IRQHandler
                0x08000312                EXTI4_IRQHandler
                0x08000312                FSMC_IRQHandler
                0x08000312                ETH_IRQHandler
                0x08000312                OTG_HS_EP1_OUT_IRQHandler
                0x08000312                WWDG_IRQHandler
                0x08000312                TIM2_IRQHandler
                0x08000312                OTG_FS_WKUP_IRQHandler
                0x08000312                TIM1_TRG_COM_TIM11_IRQHandler
                0x08000312                OTG_HS_IRQHandler
                0x08000312                EXTI1_IRQHandler
                0x08000312                USART2_IRQHandler
                0x08000312                I2C2_ER_IRQHandler
                0x08000312                DMA2_Stream1_IRQHandler
                0x08000312                CAN1_SCE_IRQHandler
                0x08000312                FLASH_IRQHandler
                0x08000312                DMA2_Stream4_IRQHandler
                0x08000312                USART1_IRQHandler
                0x08000312                OTG_FS_IRQHandler
                0x08000312                SPI3_IRQHandler
                0x08000312                DMA1_Stream4_IRQHandler
                0x08000312                I2C1_ER_IRQHandler
                0x08000312                DMA2_Stream6_IRQHandler
                0x08000312                DMA1_Stream3_IRQHandler
 .text.NVIC_SetPriority
                0x08000388       0x54 src\main.o
 .text.SysTick_Config
                0x080003dc       0x44 src\main.o
 .text.TimingDelay_Decrement
                0x08000420       0x24 src\main.o
                0x08000420                TimingDelay_Decrement
 .text.main     0x08000444       0x34 src\main.o
                0x08000444                main
 .text.__libc_init_array
                0x08000478       0x4c c:/apps/atollic/truestudio for arm pro 5.3.0/armtools/bin/../lib/gcc/arm-atollic-eabi/4.8.3/../../../../arm-atollic-eabi/lib/armv7e-m/softfp\libc_s.a(lib_a-init.o)
                0x08000478                __libc_init_array
 .text.RCC_AHB1PeriphClockCmd
                0x080004c4       0x3c ..\Libraries\libBSP.a(stm32f4xx_rcc.o)
                0x080004c4                RCC_AHB1PeriphClockCmd
 .text.RCC_AHB3PeriphClockCmd
                0x08000500       0x3c ..\Libraries\libBSP.a(stm32f4xx_rcc.o)
                0x08000500                RCC_AHB3PeriphClockCmd
 .text.RCC_APB2PeriphClockCmd
                0x0800053c       0x3c ..\Libraries\libBSP.a(stm32f4xx_rcc.o)
                0x0800053c                RCC_APB2PeriphClockCmd
 .text.RCC_AHB1PeriphResetCmd
                0x08000578       0x3c ..\Libraries\libBSP.a(stm32f4xx_rcc.o)
                0x08000578                RCC_AHB1PeriphResetCmd
 .text.EXTI_GetITStatus
                0x080005b4       0x34 ..\Libraries\libBSP.a(stm32f4xx_exti.o)
                0x080005b4                EXTI_GetITStatus
 .text.EXTI_ClearITPendingBit
                0x080005e8       0x1c ..\Libraries\libBSP.a(stm32f4xx_exti.o)
                0x080005e8                EXTI_ClearITPendingBit
 .text.SystemInit
                0x08000604       0x68 ..\Libraries\libBSP.a(system_stm32f4xx.o)
                0x08000604                SystemInit
 .text.SetSysClock
                0x0800066c       0xf4 ..\Libraries\libBSP.a(system_stm32f4xx.o)
 .text.CARME_Init
                0x08000760       0xc0 ..\Libraries\libBSP.a(carme.o)
                0x08000760                CARME_Init
 .text.CARME_FSMC_GPIO_Init
                0x08000820       0x54 ..\Libraries\libBSP.a(carme.o)
 .text.CARME_FSMC_Init
                0x08000874      0x164 ..\Libraries\libBSP.a(carme.o)
 .text.CARME_AGPIO_Init
                0x080009d8       0x24 ..\Libraries\libBSP.a(carme.o)
 .text.CARME_GPIO_Init
                0x080009fc      0x1f4 ..\Libraries\libBSP.a(carme.o)
                0x080009fc                CARME_GPIO_Init
 .text.CARME_CAN_Read_Register
                0x08000bf0       0x30 ..\Libraries\libBSP.a(can.o)
 .text.CARME_CAN_Interrupt_Handler
                0x08000c20       0xf8 ..\Libraries\libBSP.a(can.o)
                0x08000c20                CARME_CAN_Interrupt_Handler
 .text.GPIO_DeInit
                0x08000d18      0x164 ..\Libraries\libBSP.a(stm32f4xx_gpio.o)
                0x08000d18                GPIO_DeInit
 .text.GPIO_Init
                0x08000e7c      0x11c ..\Libraries\libBSP.a(stm32f4xx_gpio.o)
                0x08000e7c                GPIO_Init
 .text.GPIO_StructInit
                0x08000f98       0x34 ..\Libraries\libBSP.a(stm32f4xx_gpio.o)
                0x08000f98                GPIO_StructInit
 .text.GPIO_PinAFConfig
                0x08000fcc       0x8c ..\Libraries\libBSP.a(stm32f4xx_gpio.o)
                0x08000fcc                GPIO_PinAFConfig
 .text.FSMC_NORSRAMDeInit
                0x08001058       0x58 ..\Libraries\libBSP.a(stm32f4xx_fsmc.o)
                0x08001058                FSMC_NORSRAMDeInit
 .text.FSMC_NORSRAMInit
                0x080010b0      0x134 ..\Libraries\libBSP.a(stm32f4xx_fsmc.o)
                0x080010b0                FSMC_NORSRAMInit
 .text.FSMC_NORSRAMCmd
                0x080011e4       0x54 ..\Libraries\libBSP.a(stm32f4xx_fsmc.o)
                0x080011e4                FSMC_NORSRAMCmd
 .text.memcpy   0x08001238       0x12 c:/apps/atollic/truestudio for arm pro 5.3.0/armtools/bin/../lib/gcc/arm-atollic-eabi/4.8.3/../../../../arm-atollic-eabi/lib/armv7e-m/softfp\libc.a(lib_a-memcpy-stub.o)
                0x08001238                memcpy
 *(.rodata)
 *fill*         0x0800124a        0x2 
 .rodata        0x0800124c      0x1a8 ..\Libraries\libBSP.a(carme.o)
 *(.rodata*)
 *(.glue_7)
 .glue_7        0x00000000        0x0 linker stubs
 *(.glue_7t)
 .glue_7t       0x00000000        0x0 linker stubs
 *(.eh_frame)
 .eh_frame      0x080013f4        0x0 c:/apps/atollic/truestudio for arm pro 5.3.0/armtools/bin/../lib/gcc/arm-atollic-eabi/4.8.3/armv7e-m/softfp/crtbegin.o
 *(.init)
 .init          0x080013f4        0x4 c:/apps/atollic/truestudio for arm pro 5.3.0/armtools/bin/../lib/gcc/arm-atollic-eabi/4.8.3/armv7e-m/softfp/crti.o
                0x080013f4                _init
 .init          0x080013f8        0x8 c:/apps/atollic/truestudio for arm pro 5.3.0/armtools/bin/../lib/gcc/arm-atollic-eabi/4.8.3/armv7e-m/softfp/crtn.o
 *(.fini)
 .fini          0x08001400        0x4 c:/apps/atollic/truestudio for arm pro 5.3.0/armtools/bin/../lib/gcc/arm-atollic-eabi/4.8.3/armv7e-m/softfp/crti.o
                0x08001400                _fini
 .fini          0x08001404        0x8 c:/apps/atollic/truestudio for arm pro 5.3.0/armtools/bin/../lib/gcc/arm-atollic-eabi/4.8.3/armv7e-m/softfp/crtn.o
                0x0800140c                . = ALIGN (0x4)
                0x0800140c                _etext = .

.vfp11_veneer   0x0800140c        0x0
 .vfp11_veneer  0x00000000        0x0 linker stubs

.v4_bx          0x0800140c        0x0
 .v4_bx         0x00000000        0x0 linker stubs

.iplt           0x0800140c        0x0
 .iplt          0x00000000        0x0 c:/apps/atollic/truestudio for arm pro 5.3.0/armtools/bin/../lib/gcc/arm-atollic-eabi/4.8.3/armv7e-m/softfp/crtbegin.o

.rel.dyn        0x0800140c        0x0
 .rel.iplt      0x00000000        0x0 c:/apps/atollic/truestudio for arm pro 5.3.0/armtools/bin/../lib/gcc/arm-atollic-eabi/4.8.3/armv7e-m/softfp/crtbegin.o

.ARM.extab
 *(.ARM.extab* .gnu.linkonce.armextab.*)

.ARM            0x0800140c        0x0
                0x0800140c                __exidx_start = .
 *(.ARM.exidx*)
                0x0800140c                __exidx_end = .

.preinit_array  0x0800140c        0x0
                0x0800140c                PROVIDE (__preinit_array_start, .)
 *(.preinit_array*)
                0x0800140c                PROVIDE (__preinit_array_end, .)

.init_array     0x0800140c        0x4
                0x0800140c                PROVIDE (__init_array_start, .)
 *(SORT(.init_array.*))
 *(.init_array*)
 .init_array    0x0800140c        0x4 c:/apps/atollic/truestudio for arm pro 5.3.0/armtools/bin/../lib/gcc/arm-atollic-eabi/4.8.3/armv7e-m/softfp/crtbegin.o
                0x08001410                PROVIDE (__init_array_end, .)

.fini_array     0x08001410        0x4
                0x08001410                PROVIDE (__fini_array_start, .)
 *(SORT(.fini_array.*))
 *(.fini_array*)
 .fini_array    0x08001410        0x4 c:/apps/atollic/truestudio for arm pro 5.3.0/armtools/bin/../lib/gcc/arm-atollic-eabi/4.8.3/armv7e-m/softfp/crtbegin.o
                0x08001414                PROVIDE (__fini_array_end, .)
                0x08001414                _sidata = LOADADDR (.data)

.data           0x20000000       0xac load address 0x08001414
                0x20000000                . = ALIGN (0x4)
                0x20000000                _sdata = .
 *(.data)
 *(.data*)
 .data.SystemCoreClock
                0x20000000        0x4 ..\Libraries\libBSP.a(system_stm32f4xx.o)
                0x20000000                SystemCoreClock
 .data.CARME_AGPIO_Port_Pin
                0x20000004       0xa0 ..\Libraries\libBSP.a(carme.o)
 .data.SJA1000_CMD
                0x200000a4        0x4 ..\Libraries\libBSP.a(can.o)
 .data.SJA1000_DATA
                0x200000a8        0x4 ..\Libraries\libBSP.a(can.o)
                0x200000ac                . = ALIGN (0x4)
                0x200000ac                _edata = .
                0x080014c0                _siccmram = LOADADDR (.ccmram)

.igot.plt       0x200000ac        0x0 load address 0x080014c0
 .igot.plt      0x00000000        0x0 c:/apps/atollic/truestudio for arm pro 5.3.0/armtools/bin/../lib/gcc/arm-atollic-eabi/4.8.3/armv7e-m/softfp/crtbegin.o

.ccmram         0x10000000        0x0 load address 0x080014c0
                0x10000000                . = ALIGN (0x4)
                0x10000000                _sccmram = .
 *(.ccmram)
 *(.ccmram*)
                0x10000000                . = ALIGN (0x4)
                0x10000000                _eccmram = .
                0x10000000                . = ALIGN (0x4)

.bss            0x200000ac       0x40
                0x200000ac                _sbss = .
                0x200000ac                __bss_start__ = _sbss
 *(.bss)
 .bss           0x200000ac       0x1c c:/apps/atollic/truestudio for arm pro 5.3.0/armtools/bin/../lib/gcc/arm-atollic-eabi/4.8.3/armv7e-m/softfp/crtbegin.o
 *(.bss*)
 .bss.TimingDelay
                0x200000c8        0x4 src\main.o
 .bss.CARME_CAN_IRQCallbacks
                0x200000cc       0x20 ..\Libraries\libBSP.a(can.o)
 *(COMMON)
                0x200000ec                . = ALIGN (0x4)
                0x200000ec                _ebss = .
                0x200000ec                __bss_end__ = _ebss

._user_heap_stack
                0x200000ec     0x2000
                0x200000ec                . = ALIGN (0x4)
                0x200000ec                PROVIDE (end, .)
                0x200000ec                PROVIDE (_end, .)
                0x200010ec                . = (. + _Min_Heap_Size)
 *fill*         0x200000ec     0x1000 
                0x200020ec                . = (. + _Min_Stack_Size)
 *fill*         0x200010ec     0x1000 
                0x200020ec                . = ALIGN (0x4)

.memory_b1_text
 *(.mb1text)
 *(.mb1text*)
 *(.mb1rodata)
 *(.mb1rodata*)

/DISCARD/
 libc.a(*)
 libm.a(*)
 libgcc.a(*)

.ARM.attributes
                0x00000000       0x2e
 *(.ARM.attributes)
 .ARM.attributes
                0x00000000       0x22 c:/apps/atollic/truestudio for arm pro 5.3.0/armtools/bin/../lib/gcc/arm-atollic-eabi/4.8.3/armv7e-m/softfp/crti.o
 .ARM.attributes
                0x00000022       0x32 c:/apps/atollic/truestudio for arm pro 5.3.0/armtools/bin/../lib/gcc/arm-atollic-eabi/4.8.3/armv7e-m/softfp/crtbegin.o
 .ARM.attributes
                0x00000054       0x37 src\stm32f4xx_it.o
 .ARM.attributes
                0x0000008b       0x21 src\startup.o
 .ARM.attributes
                0x000000ac       0x37 src\main.o
 .ARM.attributes
                0x000000e3       0x32 c:/apps/atollic/truestudio for arm pro 5.3.0/armtools/bin/../lib/gcc/arm-atollic-eabi/4.8.3/../../../../arm-atollic-eabi/lib/armv7e-m/softfp\libc_s.a(lib_a-init.o)
 .ARM.attributes
                0x00000115       0x22 c:/apps/atollic/truestudio for arm pro 5.3.0/armtools/bin/../lib/gcc/arm-atollic-eabi/4.8.3/armv7e-m/softfp/crtn.o
 .ARM.attributes
                0x00000137       0x37 ..\Libraries\libBSP.a(stm32f4xx_rcc.o)
 .ARM.attributes
                0x0000016e       0x37 ..\Libraries\libBSP.a(stm32f4xx_exti.o)
 .ARM.attributes
                0x000001a5       0x37 ..\Libraries\libBSP.a(system_stm32f4xx.o)
 .ARM.attributes
                0x000001dc       0x37 ..\Libraries\libBSP.a(carme.o)
 .ARM.attributes
                0x00000213       0x37 ..\Libraries\libBSP.a(can.o)
 .ARM.attributes
                0x0000024a       0x37 ..\Libraries\libBSP.a(stm32f4xx_gpio.o)
 .ARM.attributes
                0x00000281       0x37 ..\Libraries\libBSP.a(stm32f4xx_fsmc.o)
OUTPUT(GitTest.elf elf32-littlearm)

.debug_info     0x00000000     0x4140
 .debug_info    0x00000000      0x245 src\stm32f4xx_it.o
 .debug_info    0x00000245       0x86 src\startup.o
 .debug_info    0x000002cb      0x6f8 src\main.o
 .debug_info    0x000009c3      0xe06 ..\Libraries\libBSP.a(stm32f4xx_rcc.o)
 .debug_info    0x000017c9      0x33c ..\Libraries\libBSP.a(stm32f4xx_exti.o)
 .debug_info    0x00001b05      0x5c0 ..\Libraries\libBSP.a(system_stm32f4xx.o)
 .debug_info    0x000020c5      0x695 ..\Libraries\libBSP.a(carme.o)
 .debug_info    0x0000275a      0xae4 ..\Libraries\libBSP.a(can.o)
 .debug_info    0x0000323e      0x609 ..\Libraries\libBSP.a(stm32f4xx_gpio.o)
 .debug_info    0x00003847      0x8f9 ..\Libraries\libBSP.a(stm32f4xx_fsmc.o)

.debug_abbrev   0x00000000      0xea1
 .debug_abbrev  0x00000000      0x106 src\stm32f4xx_it.o
 .debug_abbrev  0x00000106       0x12 src\startup.o
 .debug_abbrev  0x00000118      0x1b9 src\main.o
 .debug_abbrev  0x000002d1      0x1bc ..\Libraries\libBSP.a(stm32f4xx_rcc.o)
 .debug_abbrev  0x0000048d      0x1a7 ..\Libraries\libBSP.a(stm32f4xx_exti.o)
 .debug_abbrev  0x00000634      0x138 ..\Libraries\libBSP.a(system_stm32f4xx.o)
 .debug_abbrev  0x0000076c      0x1c0 ..\Libraries\libBSP.a(carme.o)
 .debug_abbrev  0x0000092c      0x25e ..\Libraries\libBSP.a(can.o)
 .debug_abbrev  0x00000b8a      0x1a5 ..\Libraries\libBSP.a(stm32f4xx_gpio.o)
 .debug_abbrev  0x00000d2f      0x172 ..\Libraries\libBSP.a(stm32f4xx_fsmc.o)

.debug_aranges  0x00000000      0x570
 .debug_aranges
                0x00000000       0x88 src\stm32f4xx_it.o
 .debug_aranges
                0x00000088       0x28 src\startup.o
 .debug_aranges
                0x000000b0       0x40 src\main.o
 .debug_aranges
                0x000000f0      0x1b8 ..\Libraries\libBSP.a(stm32f4xx_rcc.o)
 .debug_aranges
                0x000002a8       0x58 ..\Libraries\libBSP.a(stm32f4xx_exti.o)
 .debug_aranges
                0x00000300       0x30 ..\Libraries\libBSP.a(system_stm32f4xx.o)
 .debug_aranges
                0x00000330       0x78 ..\Libraries\libBSP.a(carme.o)
 .debug_aranges
                0x000003a8       0x90 ..\Libraries\libBSP.a(can.o)
 .debug_aranges
                0x00000438       0x88 ..\Libraries\libBSP.a(stm32f4xx_gpio.o)
 .debug_aranges
                0x000004c0       0xb0 ..\Libraries\libBSP.a(stm32f4xx_fsmc.o)

.debug_ranges   0x00000000      0x4d8
 .debug_ranges  0x00000000       0x78 src\stm32f4xx_it.o
 .debug_ranges  0x00000078       0x20 src\startup.o
 .debug_ranges  0x00000098       0x30 src\main.o
 .debug_ranges  0x000000c8      0x1a8 ..\Libraries\libBSP.a(stm32f4xx_rcc.o)
 .debug_ranges  0x00000270       0x48 ..\Libraries\libBSP.a(stm32f4xx_exti.o)
 .debug_ranges  0x000002b8       0x20 ..\Libraries\libBSP.a(system_stm32f4xx.o)
 .debug_ranges  0x000002d8       0x68 ..\Libraries\libBSP.a(carme.o)
 .debug_ranges  0x00000340       0x80 ..\Libraries\libBSP.a(can.o)
 .debug_ranges  0x000003c0       0x78 ..\Libraries\libBSP.a(stm32f4xx_gpio.o)
 .debug_ranges  0x00000438       0xa0 ..\Libraries\libBSP.a(stm32f4xx_fsmc.o)

.debug_line     0x00000000     0x2264
 .debug_line    0x00000000      0x250 src\stm32f4xx_it.o
 .debug_line    0x00000250       0x9d src\startup.o
 .debug_line    0x000002ed      0x1bd src\main.o
 .debug_line    0x000004aa      0x675 ..\Libraries\libBSP.a(stm32f4xx_rcc.o)
 .debug_line    0x00000b1f      0x2d0 ..\Libraries\libBSP.a(stm32f4xx_exti.o)
 .debug_line    0x00000def      0x24b ..\Libraries\libBSP.a(system_stm32f4xx.o)
 .debug_line    0x0000103a      0x591 ..\Libraries\libBSP.a(carme.o)
 .debug_line    0x000015cb      0x498 ..\Libraries\libBSP.a(can.o)
 .debug_line    0x00001a63      0x379 ..\Libraries\libBSP.a(stm32f4xx_gpio.o)
 .debug_line    0x00001ddc      0x488 ..\Libraries\libBSP.a(stm32f4xx_fsmc.o)

.debug_str      0x00000000     0x2155
 .debug_str     0x00000000      0x2d6 src\stm32f4xx_it.o
                                0x332 (size before relaxing)
 .debug_str     0x000002d6      0x655 src\main.o
                                0x83f (size before relaxing)
 .debug_str     0x0000092b      0x7d6 ..\Libraries\libBSP.a(stm32f4xx_rcc.o)
                                0x9e4 (size before relaxing)
 .debug_str     0x00001101      0x1ac ..\Libraries\libBSP.a(stm32f4xx_exti.o)
                                0x39b (size before relaxing)
 .debug_str     0x000012ad       0x95 ..\Libraries\libBSP.a(system_stm32f4xx.o)
                                0x40e (size before relaxing)
 .debug_str     0x00001342      0x536 ..\Libraries\libBSP.a(carme.o)
                                0x738 (size before relaxing)
 .debug_str     0x00001878      0x3e6 ..\Libraries\libBSP.a(can.o)
                                0xdd5 (size before relaxing)
 .debug_str     0x00001c5e      0x137 ..\Libraries\libBSP.a(stm32f4xx_gpio.o)
                                0x4ef (size before relaxing)
 .debug_str     0x00001d95      0x3c0 ..\Libraries\libBSP.a(stm32f4xx_fsmc.o)
                                0x7d9 (size before relaxing)

.comment        0x00000000      0x104
 .comment       0x00000000       0x82 src\stm32f4xx_it.o
                                 0x83 (size before relaxing)
 .comment       0x00000000       0x83 src\main.o
 .comment       0x00000082       0x82 ..\Libraries\libBSP.a(stm32f4xx_rcc.o)
                                 0x83 (size before relaxing)
 .comment       0x00000000       0x83 ..\Libraries\libBSP.a(stm32f4xx_exti.o)
 .comment       0x00000000       0x83 ..\Libraries\libBSP.a(system_stm32f4xx.o)
 .comment       0x00000000       0x83 ..\Libraries\libBSP.a(carme.o)
 .comment       0x00000000       0x83 ..\Libraries\libBSP.a(can.o)
 .comment       0x00000000       0x83 ..\Libraries\libBSP.a(stm32f4xx_gpio.o)
 .comment       0x00000000       0x83 ..\Libraries\libBSP.a(stm32f4xx_fsmc.o)

.debug_frame    0x00000000     0x106c
 .debug_frame   0x00000000      0x184 src\stm32f4xx_it.o
 .debug_frame   0x00000184       0xa0 src\main.o
 .debug_frame   0x00000224       0x2c c:/apps/atollic/truestudio for arm pro 5.3.0/armtools/bin/../lib/gcc/arm-atollic-eabi/4.8.3/../../../../arm-atollic-eabi/lib/armv7e-m/softfp\libc_s.a(lib_a-init.o)
 .debug_frame   0x00000250      0x5b8 ..\Libraries\libBSP.a(stm32f4xx_rcc.o)
 .debug_frame   0x00000808       0xec ..\Libraries\libBSP.a(stm32f4xx_exti.o)
 .debug_frame   0x000008f4       0x64 ..\Libraries\libBSP.a(system_stm32f4xx.o)
 .debug_frame   0x00000958      0x178 ..\Libraries\libBSP.a(carme.o)
 .debug_frame   0x00000ad0      0x1e0 ..\Libraries\libBSP.a(can.o)
 .debug_frame   0x00000cb0      0x19c ..\Libraries\libBSP.a(stm32f4xx_gpio.o)
 .debug_frame   0x00000e4c      0x220 ..\Libraries\libBSP.a(stm32f4xx_fsmc.o)

Cross Reference Table

Symbol                                            File
ADC_IRQHandler                                    src\startup.o
AHBPrescTable                                     ..\Libraries\libBSP.a(system_stm32f4xx.o)
BusFault_Handler                                  src\stm32f4xx_it.o
CAN1_RX0_IRQHandler                               src\startup.o
CAN1_RX1_IRQHandler                               src\startup.o
CAN1_SCE_IRQHandler                               src\startup.o
CAN1_TX_IRQHandler                                src\startup.o
CAN2_RX0_IRQHandler                               src\startup.o
CAN2_RX1_IRQHandler                               src\startup.o
CAN2_SCE_IRQHandler                               src\startup.o
CAN2_TX_IRQHandler                                src\startup.o
CARME_AGPIO_Get                                   ..\Libraries\libBSP.a(carme.o)
CARME_AGPIO_Set                                   ..\Libraries\libBSP.a(carme.o)
CARME_CAN_GetAcceptaceFilter                      ..\Libraries\libBSP.a(can.o)
CARME_CAN_Init                                    ..\Libraries\libBSP.a(can.o)
CARME_CAN_InitI                                   ..\Libraries\libBSP.a(can.o)
CARME_CAN_Interrupt_Handler                       ..\Libraries\libBSP.a(can.o)
                                                  src\stm32f4xx_it.o
CARME_CAN_Read                                    ..\Libraries\libBSP.a(can.o)
CARME_CAN_RegisterIRQCallback                     ..\Libraries\libBSP.a(can.o)
CARME_CAN_SetAcceptaceFilter                      ..\Libraries\libBSP.a(can.o)
CARME_CAN_SetBaudrate                             ..\Libraries\libBSP.a(can.o)
CARME_CAN_SetMode                                 ..\Libraries\libBSP.a(can.o)
CARME_CAN_UnregisterIRQCallback                   ..\Libraries\libBSP.a(can.o)
CARME_CAN_Write                                   ..\Libraries\libBSP.a(can.o)
CARME_GPIO_Init                                   ..\Libraries\libBSP.a(carme.o)
CARME_Init                                        ..\Libraries\libBSP.a(carme.o)
                                                  src\startup.o
CARME_LED_Green_Reset                             ..\Libraries\libBSP.a(carme.o)
CARME_LED_Green_Set                               ..\Libraries\libBSP.a(carme.o)
CARME_LED_Red_Reset                               ..\Libraries\libBSP.a(carme.o)
CARME_LED_Red_Set                                 ..\Libraries\libBSP.a(carme.o)
CRYP_IRQHandler                                   src\startup.o
DCMI_IRQHandler                                   src\startup.o
DMA1_Stream0_IRQHandler                           src\startup.o
DMA1_Stream1_IRQHandler                           src\startup.o
DMA1_Stream2_IRQHandler                           src\startup.o
DMA1_Stream3_IRQHandler                           src\startup.o
DMA1_Stream4_IRQHandler                           src\startup.o
DMA1_Stream5_IRQHandler                           src\startup.o
DMA1_Stream6_IRQHandler                           src\startup.o
DMA1_Stream7_IRQHandler                           src\startup.o
DMA2_Stream0_IRQHandler                           src\startup.o
DMA2_Stream1_IRQHandler                           src\startup.o
DMA2_Stream2_IRQHandler                           src\startup.o
DMA2_Stream3_IRQHandler                           src\startup.o
DMA2_Stream4_IRQHandler                           src\startup.o
DMA2_Stream5_IRQHandler                           src\startup.o
DMA2_Stream6_IRQHandler                           src\startup.o
DMA2_Stream7_IRQHandler                           src\startup.o
DebugMon_Handler                                  src\stm32f4xx_it.o
Default_Handler                                   src\startup.o
                                                  src\stm32f4xx_it.o
Delay                                             src\main.o
ETH_IRQHandler                                    src\startup.o
ETH_WKUP_IRQHandler                               src\startup.o
EXTI0_IRQHandler                                  src\stm32f4xx_it.o
EXTI15_10_IRQHandler                              src\stm32f4xx_it.o
EXTI1_IRQHandler                                  src\startup.o
EXTI2_IRQHandler                                  src\startup.o
EXTI3_IRQHandler                                  src\startup.o
EXTI4_IRQHandler                                  src\startup.o
EXTI9_5_IRQHandler                                src\stm32f4xx_it.o
EXTI_ClearFlag                                    ..\Libraries\libBSP.a(stm32f4xx_exti.o)
EXTI_ClearITPendingBit                            ..\Libraries\libBSP.a(stm32f4xx_exti.o)
                                                  src\stm32f4xx_it.o
EXTI_DeInit                                       ..\Libraries\libBSP.a(stm32f4xx_exti.o)
EXTI_GenerateSWInterrupt                          ..\Libraries\libBSP.a(stm32f4xx_exti.o)
EXTI_GetFlagStatus                                ..\Libraries\libBSP.a(stm32f4xx_exti.o)
EXTI_GetITStatus                                  ..\Libraries\libBSP.a(stm32f4xx_exti.o)
                                                  src\stm32f4xx_it.o
EXTI_Init                                         ..\Libraries\libBSP.a(stm32f4xx_exti.o)
                                                  ..\Libraries\libBSP.a(can.o)
EXTI_StructInit                                   ..\Libraries\libBSP.a(stm32f4xx_exti.o)
FLASH_IRQHandler                                  src\startup.o
FPU_IRQHandler                                    src\startup.o
FSMC_ClearFlag                                    ..\Libraries\libBSP.a(stm32f4xx_fsmc.o)
FSMC_ClearITPendingBit                            ..\Libraries\libBSP.a(stm32f4xx_fsmc.o)
FSMC_GetECC                                       ..\Libraries\libBSP.a(stm32f4xx_fsmc.o)
FSMC_GetFlagStatus                                ..\Libraries\libBSP.a(stm32f4xx_fsmc.o)
FSMC_GetITStatus                                  ..\Libraries\libBSP.a(stm32f4xx_fsmc.o)
FSMC_IRQHandler                                   src\startup.o
FSMC_ITConfig                                     ..\Libraries\libBSP.a(stm32f4xx_fsmc.o)
FSMC_NANDCmd                                      ..\Libraries\libBSP.a(stm32f4xx_fsmc.o)
FSMC_NANDDeInit                                   ..\Libraries\libBSP.a(stm32f4xx_fsmc.o)
FSMC_NANDECCCmd                                   ..\Libraries\libBSP.a(stm32f4xx_fsmc.o)
FSMC_NANDInit                                     ..\Libraries\libBSP.a(stm32f4xx_fsmc.o)
FSMC_NANDStructInit                               ..\Libraries\libBSP.a(stm32f4xx_fsmc.o)
FSMC_NORSRAMCmd                                   ..\Libraries\libBSP.a(stm32f4xx_fsmc.o)
                                                  ..\Libraries\libBSP.a(carme.o)
FSMC_NORSRAMDeInit                                ..\Libraries\libBSP.a(stm32f4xx_fsmc.o)
                                                  ..\Libraries\libBSP.a(carme.o)
FSMC_NORSRAMInit                                  ..\Libraries\libBSP.a(stm32f4xx_fsmc.o)
                                                  ..\Libraries\libBSP.a(carme.o)
FSMC_NORSRAMStructInit                            ..\Libraries\libBSP.a(stm32f4xx_fsmc.o)
FSMC_PCCARDCmd                                    ..\Libraries\libBSP.a(stm32f4xx_fsmc.o)
FSMC_PCCARDDeInit                                 ..\Libraries\libBSP.a(stm32f4xx_fsmc.o)
FSMC_PCCARDInit                                   ..\Libraries\libBSP.a(stm32f4xx_fsmc.o)
FSMC_PCCARDStructInit                             ..\Libraries\libBSP.a(stm32f4xx_fsmc.o)
GPIO_DeInit                                       ..\Libraries\libBSP.a(stm32f4xx_gpio.o)
                                                  ..\Libraries\libBSP.a(carme.o)
GPIO_Init                                         ..\Libraries\libBSP.a(stm32f4xx_gpio.o)
                                                  ..\Libraries\libBSP.a(can.o)
                                                  ..\Libraries\libBSP.a(carme.o)
GPIO_PinAFConfig                                  ..\Libraries\libBSP.a(stm32f4xx_gpio.o)
                                                  ..\Libraries\libBSP.a(carme.o)
GPIO_PinLockConfig                                ..\Libraries\libBSP.a(stm32f4xx_gpio.o)
GPIO_ReadInputData                                ..\Libraries\libBSP.a(stm32f4xx_gpio.o)
GPIO_ReadInputDataBit                             ..\Libraries\libBSP.a(stm32f4xx_gpio.o)
                                                  ..\Libraries\libBSP.a(carme.o)
GPIO_ReadOutputData                               ..\Libraries\libBSP.a(stm32f4xx_gpio.o)
GPIO_ReadOutputDataBit                            ..\Libraries\libBSP.a(stm32f4xx_gpio.o)
                                                  ..\Libraries\libBSP.a(carme.o)
GPIO_ResetBits                                    ..\Libraries\libBSP.a(stm32f4xx_gpio.o)
GPIO_SetBits                                      ..\Libraries\libBSP.a(stm32f4xx_gpio.o)
GPIO_StructInit                                   ..\Libraries\libBSP.a(stm32f4xx_gpio.o)
                                                  ..\Libraries\libBSP.a(can.o)
                                                  ..\Libraries\libBSP.a(carme.o)
GPIO_ToggleBits                                   ..\Libraries\libBSP.a(stm32f4xx_gpio.o)
GPIO_Write                                        ..\Libraries\libBSP.a(stm32f4xx_gpio.o)
GPIO_WriteBit                                     ..\Libraries\libBSP.a(stm32f4xx_gpio.o)
                                                  ..\Libraries\libBSP.a(carme.o)
HASH_RNG_IRQHandler                               src\startup.o
HardFault_Handler                                 src\stm32f4xx_it.o
I2C1_ER_IRQHandler                                src\startup.o
I2C1_EV_IRQHandler                                src\startup.o
I2C2_ER_IRQHandler                                src\startup.o
I2C2_EV_IRQHandler                                src\startup.o
I2C3_ER_IRQHandler                                src\startup.o
I2C3_EV_IRQHandler                                src\startup.o
MemManage_Handler                                 src\stm32f4xx_it.o
NMI_Handler                                       src\stm32f4xx_it.o
NVIC_Init                                         ..\Libraries\libBSP.a(misc.o)
                                                  ..\Libraries\libBSP.a(can.o)
NVIC_PriorityGroupConfig                          ..\Libraries\libBSP.a(misc.o)
NVIC_SetVectorTable                               ..\Libraries\libBSP.a(misc.o)
NVIC_SystemLPConfig                               ..\Libraries\libBSP.a(misc.o)
OTG_FS_IRQHandler                                 src\startup.o
OTG_FS_WKUP_IRQHandler                            src\startup.o
OTG_HS_EP1_IN_IRQHandler                          src\startup.o
OTG_HS_EP1_OUT_IRQHandler                         src\startup.o
OTG_HS_IRQHandler                                 src\startup.o
OTG_HS_WKUP_IRQHandler                            src\startup.o
PVD_IRQHandler                                    src\startup.o
PendSV_Handler                                    src\stm32f4xx_it.o
RCC_AHB1PeriphClockCmd                            ..\Libraries\libBSP.a(stm32f4xx_rcc.o)
                                                  ..\Libraries\libBSP.a(carme.o)
RCC_AHB1PeriphClockLPModeCmd                      ..\Libraries\libBSP.a(stm32f4xx_rcc.o)
RCC_AHB1PeriphResetCmd                            ..\Libraries\libBSP.a(stm32f4xx_rcc.o)
                                                  ..\Libraries\libBSP.a(stm32f4xx_gpio.o)
RCC_AHB2PeriphClockCmd                            ..\Libraries\libBSP.a(stm32f4xx_rcc.o)
RCC_AHB2PeriphClockLPModeCmd                      ..\Libraries\libBSP.a(stm32f4xx_rcc.o)
RCC_AHB2PeriphResetCmd                            ..\Libraries\libBSP.a(stm32f4xx_rcc.o)
RCC_AHB3PeriphClockCmd                            ..\Libraries\libBSP.a(stm32f4xx_rcc.o)
                                                  ..\Libraries\libBSP.a(carme.o)
RCC_AHB3PeriphClockLPModeCmd                      ..\Libraries\libBSP.a(stm32f4xx_rcc.o)
RCC_AHB3PeriphResetCmd                            ..\Libraries\libBSP.a(stm32f4xx_rcc.o)
RCC_APB1PeriphClockCmd                            ..\Libraries\libBSP.a(stm32f4xx_rcc.o)
RCC_APB1PeriphClockLPModeCmd                      ..\Libraries\libBSP.a(stm32f4xx_rcc.o)
RCC_APB1PeriphResetCmd                            ..\Libraries\libBSP.a(stm32f4xx_rcc.o)
                                                  ..\Libraries\libBSP.a(stm32f4xx_usart.o)
RCC_APB2PeriphClockCmd                            ..\Libraries\libBSP.a(stm32f4xx_rcc.o)
                                                  ..\Libraries\libBSP.a(carme.o)
RCC_APB2PeriphClockLPModeCmd                      ..\Libraries\libBSP.a(stm32f4xx_rcc.o)
RCC_APB2PeriphResetCmd                            ..\Libraries\libBSP.a(stm32f4xx_rcc.o)
                                                  ..\Libraries\libBSP.a(stm32f4xx_syscfg.o)
                                                  ..\Libraries\libBSP.a(stm32f4xx_usart.o)
RCC_AdjustHSICalibrationValue                     ..\Libraries\libBSP.a(stm32f4xx_rcc.o)
RCC_BackupResetCmd                                ..\Libraries\libBSP.a(stm32f4xx_rcc.o)
RCC_ClearFlag                                     ..\Libraries\libBSP.a(stm32f4xx_rcc.o)
RCC_ClearITPendingBit                             ..\Libraries\libBSP.a(stm32f4xx_rcc.o)
RCC_ClockSecuritySystemCmd                        ..\Libraries\libBSP.a(stm32f4xx_rcc.o)
RCC_DeInit                                        ..\Libraries\libBSP.a(stm32f4xx_rcc.o)
RCC_GetClocksFreq                                 ..\Libraries\libBSP.a(stm32f4xx_rcc.o)
                                                  ..\Libraries\libBSP.a(stm32f4xx_usart.o)
RCC_GetFlagStatus                                 ..\Libraries\libBSP.a(stm32f4xx_rcc.o)
RCC_GetITStatus                                   ..\Libraries\libBSP.a(stm32f4xx_rcc.o)
RCC_GetSYSCLKSource                               ..\Libraries\libBSP.a(stm32f4xx_rcc.o)
RCC_HCLKConfig                                    ..\Libraries\libBSP.a(stm32f4xx_rcc.o)
RCC_HSEConfig                                     ..\Libraries\libBSP.a(stm32f4xx_rcc.o)
RCC_HSICmd                                        ..\Libraries\libBSP.a(stm32f4xx_rcc.o)
RCC_I2SCLKConfig                                  ..\Libraries\libBSP.a(stm32f4xx_rcc.o)
RCC_IRQHandler                                    src\startup.o
RCC_ITConfig                                      ..\Libraries\libBSP.a(stm32f4xx_rcc.o)
RCC_LSEConfig                                     ..\Libraries\libBSP.a(stm32f4xx_rcc.o)
RCC_LSICmd                                        ..\Libraries\libBSP.a(stm32f4xx_rcc.o)
RCC_LTDCCLKDivConfig                              ..\Libraries\libBSP.a(stm32f4xx_rcc.o)
RCC_MCO1Config                                    ..\Libraries\libBSP.a(stm32f4xx_rcc.o)
RCC_MCO2Config                                    ..\Libraries\libBSP.a(stm32f4xx_rcc.o)
RCC_PCLK1Config                                   ..\Libraries\libBSP.a(stm32f4xx_rcc.o)
RCC_PCLK2Config                                   ..\Libraries\libBSP.a(stm32f4xx_rcc.o)
RCC_PLLCmd                                        ..\Libraries\libBSP.a(stm32f4xx_rcc.o)
RCC_PLLConfig                                     ..\Libraries\libBSP.a(stm32f4xx_rcc.o)
RCC_PLLI2SCmd                                     ..\Libraries\libBSP.a(stm32f4xx_rcc.o)
RCC_PLLI2SConfig                                  ..\Libraries\libBSP.a(stm32f4xx_rcc.o)
RCC_PLLSAICmd                                     ..\Libraries\libBSP.a(stm32f4xx_rcc.o)
RCC_PLLSAIConfig                                  ..\Libraries\libBSP.a(stm32f4xx_rcc.o)
RCC_RTCCLKCmd                                     ..\Libraries\libBSP.a(stm32f4xx_rcc.o)
RCC_RTCCLKConfig                                  ..\Libraries\libBSP.a(stm32f4xx_rcc.o)
RCC_SAIBlockACLKConfig                            ..\Libraries\libBSP.a(stm32f4xx_rcc.o)
RCC_SAIBlockBCLKConfig                            ..\Libraries\libBSP.a(stm32f4xx_rcc.o)
RCC_SAIPLLI2SClkDivConfig                         ..\Libraries\libBSP.a(stm32f4xx_rcc.o)
RCC_SAIPLLSAIClkDivConfig                         ..\Libraries\libBSP.a(stm32f4xx_rcc.o)
RCC_SYSCLKConfig                                  ..\Libraries\libBSP.a(stm32f4xx_rcc.o)
RCC_TIMCLKPresConfig                              ..\Libraries\libBSP.a(stm32f4xx_rcc.o)
RCC_WaitForHSEStartUp                             ..\Libraries\libBSP.a(stm32f4xx_rcc.o)
RTC_Alarm_IRQHandler                              src\startup.o
RTC_WKUP_IRQHandler                               src\startup.o
Reset_Handler                                     src\startup.o
SDIO_IRQHandler                                   src\startup.o
SPI1_IRQHandler                                   src\startup.o
SPI2_IRQHandler                                   src\startup.o
SPI3_IRQHandler                                   src\startup.o
SVC_Handler                                       src\stm32f4xx_it.o
SYSCFG_CompensationCellCmd                        ..\Libraries\libBSP.a(stm32f4xx_syscfg.o)
SYSCFG_DeInit                                     ..\Libraries\libBSP.a(stm32f4xx_syscfg.o)
SYSCFG_ETH_MediaInterfaceConfig                   ..\Libraries\libBSP.a(stm32f4xx_syscfg.o)
SYSCFG_EXTILineConfig                             ..\Libraries\libBSP.a(stm32f4xx_syscfg.o)
                                                  ..\Libraries\libBSP.a(can.o)
SYSCFG_GetCompensationCellStatus                  ..\Libraries\libBSP.a(stm32f4xx_syscfg.o)
SYSCFG_MemoryRemapConfig                          ..\Libraries\libBSP.a(stm32f4xx_syscfg.o)
SYSCFG_MemorySwappingBank                         ..\Libraries\libBSP.a(stm32f4xx_syscfg.o)
SysTick_CLKSourceConfig                           ..\Libraries\libBSP.a(misc.o)
SysTick_Handler                                   src\stm32f4xx_it.o
SystemCoreClock                                   ..\Libraries\libBSP.a(system_stm32f4xx.o)
                                                  src\main.o
SystemCoreClockUpdate                             ..\Libraries\libBSP.a(system_stm32f4xx.o)
SystemInit                                        ..\Libraries\libBSP.a(system_stm32f4xx.o)
                                                  src\startup.o
TAMP_STAMP_IRQHandler                             src\startup.o
TIM1_BRK_TIM9_IRQHandler                          src\startup.o
TIM1_CC_IRQHandler                                src\startup.o
TIM1_TRG_COM_TIM11_IRQHandler                     src\startup.o
TIM1_UP_TIM10_IRQHandler                          src\startup.o
TIM2_IRQHandler                                   src\startup.o
TIM3_IRQHandler                                   src\startup.o
TIM4_IRQHandler                                   src\startup.o
TIM5_IRQHandler                                   src\startup.o
TIM6_DAC_IRQHandler                               src\startup.o
TIM7_IRQHandler                                   src\startup.o
TIM8_BRK_TIM12_IRQHandler                         src\startup.o
TIM8_CC_IRQHandler                                src\startup.o
TIM8_TRG_COM_TIM14_IRQHandler                     src\startup.o
TIM8_UP_TIM13_IRQHandler                          src\startup.o
TimingDelay_Decrement                             src\main.o
                                                  src\stm32f4xx_it.o
UART4_IRQHandler                                  src\startup.o
UART5_IRQHandler                                  src\startup.o
USART1_IRQHandler                                 src\startup.o
USART2_IRQHandler                                 src\startup.o
USART3_IRQHandler                                 src\startup.o
USART6_IRQHandler                                 src\startup.o
USART_ClearFlag                                   ..\Libraries\libBSP.a(stm32f4xx_usart.o)
USART_ClearITPendingBit                           ..\Libraries\libBSP.a(stm32f4xx_usart.o)
USART_ClockInit                                   ..\Libraries\libBSP.a(stm32f4xx_usart.o)
USART_ClockStructInit                             ..\Libraries\libBSP.a(stm32f4xx_usart.o)
USART_Cmd                                         ..\Libraries\libBSP.a(stm32f4xx_usart.o)
USART_DMACmd                                      ..\Libraries\libBSP.a(stm32f4xx_usart.o)
USART_DeInit                                      ..\Libraries\libBSP.a(stm32f4xx_usart.o)
USART_GetFlagStatus                               ..\Libraries\libBSP.a(stm32f4xx_usart.o)
                                                  src\syscalls.o
USART_GetITStatus                                 ..\Libraries\libBSP.a(stm32f4xx_usart.o)
USART_HalfDuplexCmd                               ..\Libraries\libBSP.a(stm32f4xx_usart.o)
USART_ITConfig                                    ..\Libraries\libBSP.a(stm32f4xx_usart.o)
USART_Init                                        ..\Libraries\libBSP.a(stm32f4xx_usart.o)
USART_IrDACmd                                     ..\Libraries\libBSP.a(stm32f4xx_usart.o)
USART_IrDAConfig                                  ..\Libraries\libBSP.a(stm32f4xx_usart.o)
USART_LINBreakDetectLengthConfig                  ..\Libraries\libBSP.a(stm32f4xx_usart.o)
USART_LINCmd                                      ..\Libraries\libBSP.a(stm32f4xx_usart.o)
USART_OneBitMethodCmd                             ..\Libraries\libBSP.a(stm32f4xx_usart.o)
USART_OverSampling8Cmd                            ..\Libraries\libBSP.a(stm32f4xx_usart.o)
USART_ReceiveData                                 ..\Libraries\libBSP.a(stm32f4xx_usart.o)
                                                  src\syscalls.o
USART_ReceiverWakeUpCmd                           ..\Libraries\libBSP.a(stm32f4xx_usart.o)
USART_SendBreak                                   ..\Libraries\libBSP.a(stm32f4xx_usart.o)
USART_SendData                                    ..\Libraries\libBSP.a(stm32f4xx_usart.o)
                                                  src\syscalls.o
USART_SetAddress                                  ..\Libraries\libBSP.a(stm32f4xx_usart.o)
USART_SetGuardTime                                ..\Libraries\libBSP.a(stm32f4xx_usart.o)
USART_SetPrescaler                                ..\Libraries\libBSP.a(stm32f4xx_usart.o)
USART_SmartCardCmd                                ..\Libraries\libBSP.a(stm32f4xx_usart.o)
USART_SmartCardNACKCmd                            ..\Libraries\libBSP.a(stm32f4xx_usart.o)
USART_StructInit                                  ..\Libraries\libBSP.a(stm32f4xx_usart.o)
USART_WakeUpConfig                                ..\Libraries\libBSP.a(stm32f4xx_usart.o)
UsageFault_Handler                                src\stm32f4xx_it.o
WWDG_IRQHandler                                   src\startup.o
_Min_Heap_Size                                    src\syscalls.o
__deregister_frame_info                           c:/apps/atollic/truestudio for arm pro 5.3.0/armtools/bin/../lib/gcc/arm-atollic-eabi/4.8.3/armv7e-m/softfp/crtbegin.o
__dso_handle                                      c:/apps/atollic/truestudio for arm pro 5.3.0/armtools/bin/../lib/gcc/arm-atollic-eabi/4.8.3/armv7e-m/softfp/crtbegin.o
__env                                             src\syscalls.o
__init_array_end                                  c:/apps/atollic/truestudio for arm pro 5.3.0/armtools/bin/../lib/gcc/arm-atollic-eabi/4.8.3/../../../../arm-atollic-eabi/lib/armv7e-m/softfp\libc_s.a(lib_a-init.o)
__init_array_start                                c:/apps/atollic/truestudio for arm pro 5.3.0/armtools/bin/../lib/gcc/arm-atollic-eabi/4.8.3/../../../../arm-atollic-eabi/lib/armv7e-m/softfp\libc_s.a(lib_a-init.o)
__libc_init_array                                 c:/apps/atollic/truestudio for arm pro 5.3.0/armtools/bin/../lib/gcc/arm-atollic-eabi/4.8.3/../../../../arm-atollic-eabi/lib/armv7e-m/softfp\libc_s.a(lib_a-init.o)
                                                  src\startup.o
__malloc_free_list                                c:/apps/atollic/truestudio for arm pro 5.3.0/armtools/bin/../lib/gcc/arm-atollic-eabi/4.8.3/../../../../arm-atollic-eabi/lib/armv7e-m/softfp\libc_s.a(lib_a-nano-mallocr.o)
                                                  c:/apps/atollic/truestudio for arm pro 5.3.0/armtools/bin/../lib/gcc/arm-atollic-eabi/4.8.3/../../../../arm-atollic-eabi/lib/armv7e-m/softfp\libc_s.a(lib_a-nano-freer.o)
__malloc_sbrk_start                               c:/apps/atollic/truestudio for arm pro 5.3.0/armtools/bin/../lib/gcc/arm-atollic-eabi/4.8.3/../../../../arm-atollic-eabi/lib/armv7e-m/softfp\libc_s.a(lib_a-nano-mallocr.o)
__preinit_array_end                               c:/apps/atollic/truestudio for arm pro 5.3.0/armtools/bin/../lib/gcc/arm-atollic-eabi/4.8.3/../../../../arm-atollic-eabi/lib/armv7e-m/softfp\libc_s.a(lib_a-init.o)
__preinit_array_start                             c:/apps/atollic/truestudio for arm pro 5.3.0/armtools/bin/../lib/gcc/arm-atollic-eabi/4.8.3/../../../../arm-atollic-eabi/lib/armv7e-m/softfp\libc_s.a(lib_a-init.o)
__register_frame_info                             c:/apps/atollic/truestudio for arm pro 5.3.0/armtools/bin/../lib/gcc/arm-atollic-eabi/4.8.3/armv7e-m/softfp/crtbegin.o
__sf_fake_stderr                                  c:/apps/atollic/truestudio for arm pro 5.3.0/armtools/bin/../lib/gcc/arm-atollic-eabi/4.8.3/../../../../arm-atollic-eabi/lib/armv7e-m/softfp\libc_s.a(lib_a-impure.o)
__sf_fake_stdin                                   c:/apps/atollic/truestudio for arm pro 5.3.0/armtools/bin/../lib/gcc/arm-atollic-eabi/4.8.3/../../../../arm-atollic-eabi/lib/armv7e-m/softfp\libc_s.a(lib_a-impure.o)
__sf_fake_stdout                                  c:/apps/atollic/truestudio for arm pro 5.3.0/armtools/bin/../lib/gcc/arm-atollic-eabi/4.8.3/../../../../arm-atollic-eabi/lib/armv7e-m/softfp\libc_s.a(lib_a-impure.o)
_close                                            src\syscalls.o
_ebss                                             src\startup.o
_edata                                            src\startup.o
_estack                                           src\startup.o
_execve                                           src\syscalls.o
_exit                                             src\syscalls.o
_fini                                             c:/apps/atollic/truestudio for arm pro 5.3.0/armtools/bin/../lib/gcc/arm-atollic-eabi/4.8.3/armv7e-m/softfp/crti.o
_fork                                             src\syscalls.o
_free_r                                           c:/apps/atollic/truestudio for arm pro 5.3.0/armtools/bin/../lib/gcc/arm-atollic-eabi/4.8.3/../../../../arm-atollic-eabi/lib/armv7e-m/softfp\libc_s.a(lib_a-nano-freer.o)
                                                  c:/apps/atollic/truestudio for arm pro 5.3.0/armtools/bin/../lib/gcc/arm-atollic-eabi/4.8.3/../../../../arm-atollic-eabi/lib/armv7e-m/softfp\libc_s.a(lib_a-reent.o)
_fstat                                            src\syscalls.o
_getpid                                           src\syscalls.o
_global_impure_ptr                                c:/apps/atollic/truestudio for arm pro 5.3.0/armtools/bin/../lib/gcc/arm-atollic-eabi/4.8.3/../../../../arm-atollic-eabi/lib/armv7e-m/softfp\libc_s.a(lib_a-impure.o)
_impure_ptr                                       c:/apps/atollic/truestudio for arm pro 5.3.0/armtools/bin/../lib/gcc/arm-atollic-eabi/4.8.3/../../../../arm-atollic-eabi/lib/armv7e-m/softfp\libc_s.a(lib_a-impure.o)
                                                  c:/apps/atollic/truestudio for arm pro 5.3.0/armtools/bin/../lib/gcc/arm-atollic-eabi/4.8.3/../../../../arm-atollic-eabi/lib/armv7e-m/softfp\libc_s.a(lib_a-reent.o)
_init                                             c:/apps/atollic/truestudio for arm pro 5.3.0/armtools/bin/../lib/gcc/arm-atollic-eabi/4.8.3/armv7e-m/softfp/crti.o
                                                  c:/apps/atollic/truestudio for arm pro 5.3.0/armtools/bin/../lib/gcc/arm-atollic-eabi/4.8.3/../../../../arm-atollic-eabi/lib/armv7e-m/softfp\libc_s.a(lib_a-init.o)
_isatty                                           src\syscalls.o
_kill                                             src\syscalls.o
_link                                             src\syscalls.o
_lseek                                            src\syscalls.o
_malloc_r                                         c:/apps/atollic/truestudio for arm pro 5.3.0/armtools/bin/../lib/gcc/arm-atollic-eabi/4.8.3/../../../../arm-atollic-eabi/lib/armv7e-m/softfp\libc_s.a(lib_a-nano-mallocr.o)
_open                                             src\syscalls.o
_read                                             src\syscalls.o
_reclaim_reent                                    c:/apps/atollic/truestudio for arm pro 5.3.0/armtools/bin/../lib/gcc/arm-atollic-eabi/4.8.3/../../../../arm-atollic-eabi/lib/armv7e-m/softfp\libc_s.a(lib_a-reent.o)
_sbrk                                             src\syscalls.o
                                                  c:/apps/atollic/truestudio for arm pro 5.3.0/armtools/bin/../lib/gcc/arm-atollic-eabi/4.8.3/../../../../arm-atollic-eabi/lib/armv7e-m/softfp\libc_s.a(lib_a-sbrkr.o)
_sbrk_r                                           c:/apps/atollic/truestudio for arm pro 5.3.0/armtools/bin/../lib/gcc/arm-atollic-eabi/4.8.3/../../../../arm-atollic-eabi/lib/armv7e-m/softfp\libc_s.a(lib_a-sbrkr.o)
                                                  c:/apps/atollic/truestudio for arm pro 5.3.0/armtools/bin/../lib/gcc/arm-atollic-eabi/4.8.3/../../../../arm-atollic-eabi/lib/armv7e-m/softfp\libc_s.a(lib_a-nano-mallocr.o)
_sbss                                             src\startup.o
_sdata                                            src\startup.o
_sidata                                           src\startup.o
_stat                                             src\syscalls.o
_times                                            src\syscalls.o
_unlink                                           src\syscalls.o
_wait                                             src\syscalls.o
_write                                            src\syscalls.o
                                                  src\tiny_printf.o
cleanup_glue                                      c:/apps/atollic/truestudio for arm pro 5.3.0/armtools/bin/../lib/gcc/arm-atollic-eabi/4.8.3/../../../../arm-atollic-eabi/lib/armv7e-m/softfp\libc_s.a(lib_a-reent.o)
end                                               src\syscalls.o
environ                                           src\syscalls.o
errno                                             c:/apps/atollic/truestudio for arm pro 5.3.0/armtools/bin/../lib/gcc/arm-atollic-eabi/4.8.3/../../../../arm-atollic-eabi/lib/armv7e-m/softfp\libc_s.a(lib_a-sbrkr.o)
                                                  c:/apps/atollic/truestudio for arm pro 5.3.0/armtools/bin/../lib/gcc/arm-atollic-eabi/4.8.3/../../../../arm-atollic-eabi/lib/armv7e-m/softfp\libc_s.a(lib_a-reent.o)
                                                  src\syscalls.o
fiprintf                                          src\tiny_printf.o
fprintf                                           src\tiny_printf.o
fputs                                             src\tiny_printf.o
fwrite                                            src\tiny_printf.o
g_pfnVectors                                      src\startup.o
initialise_monitor_handles                        src\syscalls.o
iprintf                                           src\tiny_printf.o
main                                              src\main.o
                                                  src\startup.o
memcpy                                            c:/apps/atollic/truestudio for arm pro 5.3.0/armtools/bin/../lib/gcc/arm-atollic-eabi/4.8.3/../../../../arm-atollic-eabi/lib/armv7e-m/softfp\libc.a(lib_a-memcpy-stub.o)
                                                  ..\Libraries\libBSP.a(carme.o)
memset                                            c:/apps/atollic/truestudio for arm pro 5.3.0/armtools/bin/../lib/gcc/arm-atollic-eabi/4.8.3/../../../../arm-atollic-eabi/lib/armv7e-m/softfp\libc.a(lib_a-memset.o)
                                                  ..\Libraries\libBSP.a(can.o)
printf                                            src\tiny_printf.o
puts                                              src\tiny_printf.o
siprintf                                          src\tiny_printf.o
sprintf                                           src\tiny_printf.o
strlen                                            c:/apps/atollic/truestudio for arm pro 5.3.0/armtools/bin/../lib/gcc/arm-atollic-eabi/4.8.3/../../../../arm-atollic-eabi/lib/armv7e-m/softfp\libc_s.a(lib_a-strlen.o)
                                                  src\tiny_printf.o
ts_formatlength                                   src\tiny_printf.o
ts_formatstring                                   src\tiny_printf.o
ts_itoa                                           src\tiny_printf.o
vApplicationMallocFailedHook                      src\startup.o
vApplicationStackOverflowHook                     src\startup.o
